
**************************************************************
 Geant4 version Name: geant4-10-06-ref-05 [MT]   (31-May-2020)
  << in Multi-threaded mode >> 
                       Copyright : Geant4 Collaboration
                      References : NIM A 506 (2003), 250-303
                                 : IEEE-TNS 53 (2006), 270-278
                                 : NIM A 835 (2016), 186-225
                             WWW : http://geant4.org/
**************************************************************

---------------------------------------------------------------
 Parameters (g4dna-bench)
---------------------------------------------------------------
 - beam_direction : [0.0,0.0,1.0]
 - beam_energy : 750
 - beam_particle : "e-"
 - beam_source_pos : [0.0,0.0,0.0]
 - benchmark_file : "benchmark.json"
 - chem_list : "G4EmDNAChemistry_option3"
 - ele_solvation_model : "Meesungnoen2002"
 - event_number : 10000
 - kill_energy : [75.0,75.1]
 - output_file : "gval.csv"
 - phys_list : "G4EmDNAPhysics_option8"
 - primary_removal : true
 - random_seed : 123456789
 - target_size : [20.0,20.0,20.0]
 - thread_number : 10
---------------------------------------------------------------


### ===  Deexcitation model UAtomDeexcitation is activated for 1 region:
          DefaultRegionForTheWorld  1  1  0
### ===  Auger cascade flag: 1
### ===  Ignore cuts flag:   1

phot:  for gamma SubType=12 BuildTable=0
      LambdaPrime table from 200 keV to 100 TeV in 61 bins 
      ===== EM models for the G4Region  DefaultRegionForTheWorld ======
 LivermorePhElectric : Emin=    0 eV  Emax=  100 TeV  SauterGavrila Fluo

compt:  for gamma SubType=13 BuildTable=1
      Lambda table from 100 eV  to 1 MeV, 7 bins/decade, spline: 1
      LambdaPrime table from 1 MeV to 100 TeV in 56 bins 
      ===== EM models for the G4Region  DefaultRegionForTheWorld ======
    LivermoreCompton : Emin=    0 eV  Emax=  100 TeV Fluo

conv:  for gamma SubType=14 BuildTable=1
      Lambda table from 1.022 MeV to 100 TeV, 18 bins/decade, spline: 1
      ===== EM models for the G4Region  DefaultRegionForTheWorld ======
 LivermoreConversion : Emin=    0 eV  Emax=  100 TeV  ModifiedTsai

Rayl:  for gamma SubType=11 BuildTable=1
      Lambda table from 100 eV  to 100 keV, 7 bins/decade, spline: 0
      LambdaPrime table from 100 keV to 100 TeV in 63 bins 
      ===== EM models for the G4Region  DefaultRegionForTheWorld ======
   LivermoreRayleigh : Emin=    0 eV  Emax=  100 TeV  CullenGenerator

e-_G4DNAElectronSolvation:  for e- SubType=58 BuildTable=0
      ===== EM models for the G4Region  DefaultRegionForTheWorld ======
DNAOneStepThermalizationModel_Meesungnoen2002 : Emin=    0 eV  Emax=   11 eV 

e-_G4DNAElastic:  for e- SubType=51 BuildTable=0
      ===== EM models for the G4Region  DefaultRegionForTheWorld ======
DNACPA100ElasticModel : Emin=   11 eV  Emax=255.955 keV
DNAChampionElasticModel : Emin=255.955 keV Emax=    1 MeV

e-_G4DNAExcitation:  for e- SubType=52 BuildTable=0
      ===== EM models for the G4Region  DefaultRegionForTheWorld ======
DNABornExcitationModel : Emin=    0 eV  Emax=    1 MeV

e-_G4DNAIonisation:  for e- SubType=53 BuildTable=0
      ===== EM models for the G4Region  DefaultRegionForTheWorld ======
DNABornIonisationModel : Emin=    0 eV  Emax=    1 MeV  deltaBorn Fluo

e-_G4DNAVibExcitation:  for e- SubType=54 BuildTable=0
      ===== EM models for the G4Region  DefaultRegionForTheWorld ======
DNASancheExcitationModel : Emin=    0 eV  Emax=  100 eV 

e-_G4DNAAttachment:  for e- SubType=55 BuildTable=0
      ===== EM models for the G4Region  DefaultRegionForTheWorld ======
DNAMeltonAttachmentModel : Emin=    0 eV  Emax=   13 eV 

msc:  for e+  SubType= 10
      RangeFactor= 0.04, stepLimType: 3, latDisp: 1, skin= 1, geomFactor= 2.5
      ===== EM models for the G4Region  DefaultRegionForTheWorld ======
            UrbanMsc : Emin=    0 eV  Emax=  100 TeV Nbins=84 100 eV  - 100 TeV

eIoni:  for e+  SubType=2
      dE/dx and range tables from 100 eV  to 100 TeV in 84 bins
      Lambda tables from threshold to 100 TeV, 7 bins/decade, spline: 1
      StepFunction=(0.2, 1 mm), integ: 1, fluct: 1, linLossLim= 0.01
      ===== EM models for the G4Region  DefaultRegionForTheWorld ======
        MollerBhabha : Emin=    0 eV  Emax=  100 TeV

eBrem:  for e+  SubType=3
      dE/dx and range tables from 100 eV  to 100 TeV in 84 bins
      Lambda tables from threshold to 100 TeV, 7 bins/decade, spline: 1
      LPM flag: 1 for E > 1 GeV,  VertexHighEnergyTh(GeV)= 100000
      ===== EM models for the G4Region  DefaultRegionForTheWorld ======
             eBremSB : Emin=    0 eV  Emax=    1 GeV  ModifiedTsai
            eBremLPM : Emin=    1 GeV Emax=  100 TeV  ModifiedTsai

annihil:  for e+, integral:1  SubType=5 BuildTable=0
      ===== EM models for the G4Region  DefaultRegionForTheWorld ======
            eplus2gg : Emin=    0 eV  Emax=  100 TeV

proton_G4DNAElastic:  for proton SubType=51 BuildTable=0
      ===== EM models for the G4Region  DefaultRegionForTheWorld ======
  DNAIonElasticModel : Emin=    0 eV  Emax=    1 MeV

proton_G4DNAExcitation:  for proton SubType=52 BuildTable=0
      ===== EM models for the G4Region  DefaultRegionForTheWorld ======
DNAMillerGreenExcitationModel : Emin=    0 eV  Emax=  500 keV
DNABornExcitationModel : Emin=  500 keV Emax=  100 MeV

proton_G4DNAIonisation:  for proton SubType=53 BuildTable=0
      ===== EM models for the G4Region  DefaultRegionForTheWorld ======
DNARuddIonisationModel : Emin=    0 eV  Emax=  500 keV  deltaRudd Fluo
DNABornIonisationModel : Emin=  500 keV Emax=  100 MeV  deltaBorn Fluo

proton_G4DNAChargeDecrease:  for proton SubType=56 BuildTable=0
      ===== EM models for the G4Region  DefaultRegionForTheWorld ======
DNADingfelderChargeDecreaseModel : Emin=    0 eV  Emax=  100 MeV

GenericIon_G4DNAIonisation:  for GenericIon SubType=53 BuildTable=0
      ===== EM models for the G4Region  DefaultRegionForTheWorld ======
DNARuddIonisationExtendedModel : Emin=    0 eV  Emax=    1 TeV  deltaRudd Fluo

alpha_G4DNAElastic:  for alpha SubType=51 BuildTable=0
      ===== EM models for the G4Region  DefaultRegionForTheWorld ======
  DNAIonElasticModel : Emin=    0 eV  Emax=    1 MeV

alpha_G4DNAExcitation:  for alpha SubType=52 BuildTable=0
      ===== EM models for the G4Region  DefaultRegionForTheWorld ======
DNAMillerGreenExcitationModel : Emin=    0 eV  Emax=  400 MeV

alpha_G4DNAIonisation:  for alpha SubType=53 BuildTable=0
      ===== EM models for the G4Region  DefaultRegionForTheWorld ======
DNARuddIonisationModel : Emin=    0 eV  Emax=  400 MeV  deltaRudd Fluo

alpha_G4DNAChargeDecrease:  for alpha SubType=56 BuildTable=0
      ===== EM models for the G4Region  DefaultRegionForTheWorld ======
DNADingfelderChargeDecreaseModel : Emin=    0 eV  Emax=  400 MeV

alpha+_G4DNAElastic:  for alpha+ SubType=51 BuildTable=0
      ===== EM models for the G4Region  DefaultRegionForTheWorld ======
  DNAIonElasticModel : Emin=    0 eV  Emax=    1 MeV

alpha+_G4DNAExcitation:  for alpha+ SubType=52 BuildTable=0
      ===== EM models for the G4Region  DefaultRegionForTheWorld ======
DNAMillerGreenExcitationModel : Emin=    0 eV  Emax=  400 MeV

alpha+_G4DNAIonisation:  for alpha+ SubType=53 BuildTable=0
      ===== EM models for the G4Region  DefaultRegionForTheWorld ======
DNARuddIonisationModel : Emin=    0 eV  Emax=  400 MeV  deltaRudd Fluo

alpha+_G4DNAChargeDecrease:  for alpha+ SubType=56 BuildTable=0
      ===== EM models for the G4Region  DefaultRegionForTheWorld ======
DNADingfelderChargeDecreaseModel : Emin=    0 eV  Emax=  400 MeV

alpha+_G4DNAChargeIncrease:  for alpha+ SubType=57 BuildTable=0
      ===== EM models for the G4Region  DefaultRegionForTheWorld ======
DNADingfelderChargeIncreaseModel : Emin=    0 eV  Emax=  400 MeV

helium_G4DNAElastic:  for helium SubType=51 BuildTable=0
      ===== EM models for the G4Region  DefaultRegionForTheWorld ======
  DNAIonElasticModel : Emin=    0 eV  Emax=    1 MeV

helium_G4DNAExcitation:  for helium SubType=52 BuildTable=0
      ===== EM models for the G4Region  DefaultRegionForTheWorld ======
DNAMillerGreenExcitationModel : Emin=    0 eV  Emax=  400 MeV

helium_G4DNAIonisation:  for helium SubType=53 BuildTable=0
      ===== EM models for the G4Region  DefaultRegionForTheWorld ======
DNARuddIonisationModel : Emin=    0 eV  Emax=  400 MeV  deltaRudd Fluo

helium_G4DNAChargeIncrease:  for helium SubType=57 BuildTable=0
      ===== EM models for the G4Region  DefaultRegionForTheWorld ======
DNADingfelderChargeIncreaseModel : Emin=    0 eV  Emax=  400 MeV

hydrogen_G4DNAElastic:  for hydrogen SubType=51 BuildTable=0
      ===== EM models for the G4Region  DefaultRegionForTheWorld ======
  DNAIonElasticModel : Emin=    0 eV  Emax=    1 MeV

hydrogen_G4DNAExcitation:  for hydrogen SubType=52 BuildTable=0
      ===== EM models for the G4Region  DefaultRegionForTheWorld ======
DNAMillerGreenExcitationModel : Emin=    0 eV  Emax=  500 keV

hydrogen_G4DNAIonisation:  for hydrogen SubType=53 BuildTable=0
      ===== EM models for the G4Region  DefaultRegionForTheWorld ======
DNARuddIonisationModel : Emin=    0 eV  Emax=  100 MeV  deltaRudd Fluo

hydrogen_G4DNAChargeIncrease:  for hydrogen SubType=57 BuildTable=0
      ===== EM models for the G4Region  DefaultRegionForTheWorld ======
DNADingfelderChargeIncreaseModel : Emin=    0 eV  Emax=  100 MeV
[MESSAGE] Start: Tue Jun 23 12:23:41 2020
### Run 0 starts.
 Thread #3
 - Total Event: 992 (Abort: 1, Chemistry: 991)
 - Total Elapsed Time: 451.56 sec
   - Physics:   432.68 sec (0.436169 sec/event)
   - Chemistry: 18.88 sec (0.0190515 sec/event)
 - Throughput:
   - Physics:   137.561 events/min.
   - Chemistry: 3149.36 events/min.
 - Number of Steps:
   - Physics:   3254143
   - Chemistry: 63208
 - Elapsed Time per Step:
   - Physics:   0.132963 msec/step
   - Chemistry: 0.298696 msec/step

 Thread #7
 - Total Event: 992 (Abort: 1, Chemistry: 991)
 - Total Elapsed Time: 453.19 sec
   - Physics:   427.87 sec (0.431321 sec/event)
   - Chemistry: 25.32 sec (0.0255499 sec/event)
 - Throughput:
   - Physics:   139.108 events/min.
   - Chemistry: 2348.34 events/min.
 - Number of Steps:
   - Physics:   3317318
   - Chemistry: 64623
 - Elapsed Time per Step:
   - Physics:   0.128981 msec/step
   - Chemistry: 0.391811 msec/step

 Thread #5
 - Total Event: 992 (Abort: 0, Chemistry: 992)
 - Total Elapsed Time: 454.55 sec
   - Physics:   430.95 sec (0.434425 sec/event)
   - Chemistry: 23.6 sec (0.0237903 sec/event)
 - Throughput:
   - Physics:   138.113 events/min.
   - Chemistry: 2522.03 events/min.
 - Number of Steps:
   - Physics:   3355844
   - Chemistry: 66226
 - Elapsed Time per Step:
   - Physics:   0.128418 msec/step
   - Chemistry: 0.356356 msec/step

 Thread #1
 - Total Event: 992 (Abort: 1, Chemistry: 991)
 - Total Elapsed Time: 455.2 sec
   - Physics:   424.86 sec (0.428286 sec/event)
   - Chemistry: 30.34 sec (0.0306155 sec/event)
 - Throughput:
   - Physics:   140.093 events/min.
   - Chemistry: 1959.79 events/min.
 - Number of Steps:
   - Physics:   3519858
   - Chemistry: 71198
 - Elapsed Time per Step:
   - Physics:   0.120704 msec/step
   - Chemistry: 0.426136 msec/step

 Thread #6
 - Total Event: 992 (Abort: 0, Chemistry: 992)
 - Total Elapsed Time: 455.28 sec
   - Physics:   428.06 sec (0.431512 sec/event)
   - Chemistry: 27.22 sec (0.0274395 sec/event)
 - Throughput:
   - Physics:   139.046 events/min.
   - Chemistry: 2186.63 events/min.
 - Number of Steps:
   - Physics:   3218433
   - Chemistry: 64358
 - Elapsed Time per Step:
   - Physics:   0.133003 msec/step
   - Chemistry: 0.422947 msec/step

 Thread #9
 - Total Event: 992 (Abort: 0, Chemistry: 992)
 - Total Elapsed Time: 458.08 sec
   - Physics:   430.65 sec (0.434123 sec/event)
   - Chemistry: 27.43 sec (0.0276512 sec/event)
 - Throughput:
   - Physics:   138.21 events/min.
   - Chemistry: 2169.89 events/min.
 - Number of Steps:
   - Physics:   3447815
   - Chemistry: 67872
 - Elapsed Time per Step:
   - Physics:   0.124905 msec/step
   - Chemistry: 0.404143 msec/step

 Thread #4
 - Total Event: 992 (Abort: 1, Chemistry: 991)
 - Total Elapsed Time: 458.89 sec
   - Physics:   432.17 sec (0.435655 sec/event)
   - Chemistry: 26.72 sec (0.0269627 sec/event)
 - Throughput:
   - Physics:   137.724 events/min.
   - Chemistry: 2225.3 events/min.
 - Number of Steps:
   - Physics:   3248355
   - Chemistry: 63456
 - Elapsed Time per Step:
   - Physics:   0.133043 msec/step
   - Chemistry: 0.421079 msec/step

 Thread #0
 - Total Event: 1010 (Abort: 2, Chemistry: 1008)
 - Total Elapsed Time: 459.48 sec
   - Physics:   438.12 sec (0.433782 sec/event)
   - Chemistry: 21.36 sec (0.0211905 sec/event)
 - Throughput:
   - Physics:   138.318 events/min.
   - Chemistry: 2831.46 events/min.
 - Number of Steps:
   - Physics:   3299781
   - Chemistry: 64396
 - Elapsed Time per Step:
   - Physics:   0.132772 msec/step
   - Chemistry: 0.331698 msec/step

 Thread #8
 - Total Event: 1023 (Abort: 1, Chemistry: 1022)
 - Total Elapsed Time: 459.69 sec
   - Physics:   438.29 sec (0.428436 sec/event)
   - Chemistry: 21.4 sec (0.0209393 sec/event)
 - Throughput:
   - Physics:   140.044 events/min.
   - Chemistry: 2865.42 events/min.
 - Number of Steps:
   - Physics:   3371518
   - Chemistry: 65982
 - Elapsed Time per Step:
   - Physics:   0.129998 msec/step
   - Chemistry: 0.324331 msec/step

 Thread #2
 - Total Event: 1023 (Abort: 2, Chemistry: 1021)
 - Total Elapsed Time: 464.45 sec
   - Physics:   439.57 sec (0.429687 sec/event)
   - Chemistry: 24.88 sec (0.0243683 sec/event)
 - Throughput:
   - Physics:   139.636 events/min.
   - Chemistry: 2462.22 events/min.
 - Number of Steps:
   - Physics:   3408406
   - Chemistry: 68004
 - Elapsed Time per Step:
   - Physics:   0.128966 msec/step
   - Chemistry: 0.365861 msec/step

[MESSAGE] End: Tue Jun 23 12:31:25 2020

 - Total Event Number: 10000
 - Total Elapsed Time: 464.49 sec
   --> Throughput: 1291.74 events/min.

G4WT8 >  Number of calls = 0
G4WT9 >  Number of calls = 0
G4WT5 >  Number of calls = 0
G4WT8 >  Number of split level ('advances'):  0
G4WT9 >  Number of split level ('advances'):  0
G4WT9 >  Number of full advances:             0
G4WT9 >  Number of good advances:             0
G4WT5 >  Number of split level ('advances'):  0
G4WT8 >  Number of full advances:             0
G4WT5 >  Number of full advances:             0
G4WT8 >  Number of good advances:             0
G4WT5 >  Number of good advances:             0
G4WT2 >  Number of calls = 0
G4WT2 >  Number of split level ('advances'):  0
G4WT2 >  Number of full advances:             0
G4WT2 >  Number of good advances:             0
G4WT6 >  Number of calls = 0
G4WT6 >  Number of split level ('advances'):  0
G4WT6 >  Number of full advances:             0
G4WT0 >  Number of calls = 0
G4WT4 >  Number of calls = 0
G4WT6 >  Number of good advances:             0
G4WT0 >  Number of split level ('advances'):  0
G4WT0 >  Number of full advances:             0
G4WT0 >  Number of good advances:             0
G4WT4 >  Number of split level ('advances'):  0
G4WT1 >  Number of calls = 0
G4WT4 >  Number of full advances:             0
G4WT1 >  Number of split level ('advances'):  0
G4WT1 >  Number of full advances:             0
G4WT1 >  Number of good advances:             0
G4WT4 >  Number of good advances:             0
G4WT7 >  Number of calls = 0
G4WT7 >  Number of split level ('advances'):  0
G4WT7 >  Number of full advances:             0
G4WT7 >  Number of good advances:             0
G4WT3 >  Number of calls = 0
G4WT3 >  Number of split level ('advances'):  0
G4WT3 >  Number of full advances:             0
G4WT3 >  Number of good advances:             0
 Number of calls = 0
 Number of split level ('advances'):  0
 Number of full advances:             0
 Number of good advances:             0
