
**************************************************************
 Geant4 version Name: geant4-10-06-ref-05 [MT]   (31-May-2020)
  << in Multi-threaded mode >> 
                       Copyright : Geant4 Collaboration
                      References : NIM A 506 (2003), 250-303
                                 : IEEE-TNS 53 (2006), 270-278
                                 : NIM A 835 (2016), 186-225
                             WWW : http://geant4.org/
**************************************************************

---------------------------------------------------------------
 Parameters (g4dna-bench)
---------------------------------------------------------------
 - beam_direction : [0.0,0.0,1.0]
 - beam_energy : 750
 - beam_particle : "e-"
 - beam_source_pos : [0.0,0.0,0.0]
 - benchmark_file : "benchmark.json"
 - chem_list : "G4EmDNAChemistry_option1"
 - ele_solvation_model : "Meesungnoen2002"
 - event_number : 10000
 - kill_energy : [75.0,75.1]
 - output_file : "gval.csv"
 - phys_list : "G4EmDNAPhysics_option8"
 - primary_removal : true
 - random_seed : 123456789
 - target_size : [20.0,20.0,20.0]
 - thread_number : 10
---------------------------------------------------------------


### ===  Deexcitation model UAtomDeexcitation is activated for 1 region:
          DefaultRegionForTheWorld  1  1  0
### ===  Auger cascade flag: 1
### ===  Ignore cuts flag:   1

phot:  for gamma SubType=12 BuildTable=0
      LambdaPrime table from 200 keV to 100 TeV in 61 bins 
      ===== EM models for the G4Region  DefaultRegionForTheWorld ======
 LivermorePhElectric : Emin=    0 eV  Emax=  100 TeV  SauterGavrila Fluo

compt:  for gamma SubType=13 BuildTable=1
      Lambda table from 100 eV  to 1 MeV, 7 bins/decade, spline: 1
      LambdaPrime table from 1 MeV to 100 TeV in 56 bins 
      ===== EM models for the G4Region  DefaultRegionForTheWorld ======
    LivermoreCompton : Emin=    0 eV  Emax=  100 TeV Fluo

conv:  for gamma SubType=14 BuildTable=1
      Lambda table from 1.022 MeV to 100 TeV, 18 bins/decade, spline: 1
      ===== EM models for the G4Region  DefaultRegionForTheWorld ======
 LivermoreConversion : Emin=    0 eV  Emax=  100 TeV  ModifiedTsai

Rayl:  for gamma SubType=11 BuildTable=1
      Lambda table from 100 eV  to 100 keV, 7 bins/decade, spline: 0
      LambdaPrime table from 100 keV to 100 TeV in 63 bins 
      ===== EM models for the G4Region  DefaultRegionForTheWorld ======
   LivermoreRayleigh : Emin=    0 eV  Emax=  100 TeV  CullenGenerator

e-_G4DNAElectronSolvation:  for e- SubType=58 BuildTable=0
      ===== EM models for the G4Region  DefaultRegionForTheWorld ======
DNAOneStepThermalizationModel_Meesungnoen2002 : Emin=    0 eV  Emax=   11 eV 

e-_G4DNAElastic:  for e- SubType=51 BuildTable=0
      ===== EM models for the G4Region  DefaultRegionForTheWorld ======
DNACPA100ElasticModel : Emin=   11 eV  Emax=255.955 keV
DNAChampionElasticModel : Emin=255.955 keV Emax=    1 MeV

e-_G4DNAExcitation:  for e- SubType=52 BuildTable=0
      ===== EM models for the G4Region  DefaultRegionForTheWorld ======
DNABornExcitationModel : Emin=    0 eV  Emax=    1 MeV

e-_G4DNAIonisation:  for e- SubType=53 BuildTable=0
      ===== EM models for the G4Region  DefaultRegionForTheWorld ======
DNABornIonisationModel : Emin=    0 eV  Emax=    1 MeV  deltaBorn Fluo

e-_G4DNAVibExcitation:  for e- SubType=54 BuildTable=0
      ===== EM models for the G4Region  DefaultRegionForTheWorld ======
DNASancheExcitationModel : Emin=    0 eV  Emax=  100 eV 

e-_G4DNAAttachment:  for e- SubType=55 BuildTable=0
      ===== EM models for the G4Region  DefaultRegionForTheWorld ======
DNAMeltonAttachmentModel : Emin=    0 eV  Emax=   13 eV 

msc:  for e+  SubType= 10
      RangeFactor= 0.04, stepLimType: 3, latDisp: 1, skin= 1, geomFactor= 2.5
      ===== EM models for the G4Region  DefaultRegionForTheWorld ======
            UrbanMsc : Emin=    0 eV  Emax=  100 TeV Nbins=84 100 eV  - 100 TeV

eIoni:  for e+  SubType=2
      dE/dx and range tables from 100 eV  to 100 TeV in 84 bins
      Lambda tables from threshold to 100 TeV, 7 bins/decade, spline: 1
      StepFunction=(0.2, 1 mm), integ: 1, fluct: 1, linLossLim= 0.01
      ===== EM models for the G4Region  DefaultRegionForTheWorld ======
        MollerBhabha : Emin=    0 eV  Emax=  100 TeV

eBrem:  for e+  SubType=3
      dE/dx and range tables from 100 eV  to 100 TeV in 84 bins
      Lambda tables from threshold to 100 TeV, 7 bins/decade, spline: 1
      LPM flag: 1 for E > 1 GeV,  VertexHighEnergyTh(GeV)= 100000
      ===== EM models for the G4Region  DefaultRegionForTheWorld ======
             eBremSB : Emin=    0 eV  Emax=    1 GeV  ModifiedTsai
            eBremLPM : Emin=    1 GeV Emax=  100 TeV  ModifiedTsai

annihil:  for e+, integral:1  SubType=5 BuildTable=0
      ===== EM models for the G4Region  DefaultRegionForTheWorld ======
            eplus2gg : Emin=    0 eV  Emax=  100 TeV

proton_G4DNAElastic:  for proton SubType=51 BuildTable=0
      ===== EM models for the G4Region  DefaultRegionForTheWorld ======
  DNAIonElasticModel : Emin=    0 eV  Emax=    1 MeV

proton_G4DNAExcitation:  for proton SubType=52 BuildTable=0
      ===== EM models for the G4Region  DefaultRegionForTheWorld ======
DNAMillerGreenExcitationModel : Emin=    0 eV  Emax=  500 keV
DNABornExcitationModel : Emin=  500 keV Emax=  100 MeV

proton_G4DNAIonisation:  for proton SubType=53 BuildTable=0
      ===== EM models for the G4Region  DefaultRegionForTheWorld ======
DNARuddIonisationModel : Emin=    0 eV  Emax=  500 keV  deltaRudd Fluo
DNABornIonisationModel : Emin=  500 keV Emax=  100 MeV  deltaBorn Fluo

proton_G4DNAChargeDecrease:  for proton SubType=56 BuildTable=0
      ===== EM models for the G4Region  DefaultRegionForTheWorld ======
DNADingfelderChargeDecreaseModel : Emin=    0 eV  Emax=  100 MeV

GenericIon_G4DNAIonisation:  for GenericIon SubType=53 BuildTable=0
      ===== EM models for the G4Region  DefaultRegionForTheWorld ======
DNARuddIonisationExtendedModel : Emin=    0 eV  Emax=    1 TeV  deltaRudd Fluo

alpha_G4DNAElastic:  for alpha SubType=51 BuildTable=0
      ===== EM models for the G4Region  DefaultRegionForTheWorld ======
  DNAIonElasticModel : Emin=    0 eV  Emax=    1 MeV

alpha_G4DNAExcitation:  for alpha SubType=52 BuildTable=0
      ===== EM models for the G4Region  DefaultRegionForTheWorld ======
DNAMillerGreenExcitationModel : Emin=    0 eV  Emax=  400 MeV

alpha_G4DNAIonisation:  for alpha SubType=53 BuildTable=0
      ===== EM models for the G4Region  DefaultRegionForTheWorld ======
DNARuddIonisationModel : Emin=    0 eV  Emax=  400 MeV  deltaRudd Fluo

alpha_G4DNAChargeDecrease:  for alpha SubType=56 BuildTable=0
      ===== EM models for the G4Region  DefaultRegionForTheWorld ======
DNADingfelderChargeDecreaseModel : Emin=    0 eV  Emax=  400 MeV

alpha+_G4DNAElastic:  for alpha+ SubType=51 BuildTable=0
      ===== EM models for the G4Region  DefaultRegionForTheWorld ======
  DNAIonElasticModel : Emin=    0 eV  Emax=    1 MeV

alpha+_G4DNAExcitation:  for alpha+ SubType=52 BuildTable=0
      ===== EM models for the G4Region  DefaultRegionForTheWorld ======
DNAMillerGreenExcitationModel : Emin=    0 eV  Emax=  400 MeV

alpha+_G4DNAIonisation:  for alpha+ SubType=53 BuildTable=0
      ===== EM models for the G4Region  DefaultRegionForTheWorld ======
DNARuddIonisationModel : Emin=    0 eV  Emax=  400 MeV  deltaRudd Fluo

alpha+_G4DNAChargeDecrease:  for alpha+ SubType=56 BuildTable=0
      ===== EM models for the G4Region  DefaultRegionForTheWorld ======
DNADingfelderChargeDecreaseModel : Emin=    0 eV  Emax=  400 MeV

alpha+_G4DNAChargeIncrease:  for alpha+ SubType=57 BuildTable=0
      ===== EM models for the G4Region  DefaultRegionForTheWorld ======
DNADingfelderChargeIncreaseModel : Emin=    0 eV  Emax=  400 MeV

helium_G4DNAElastic:  for helium SubType=51 BuildTable=0
      ===== EM models for the G4Region  DefaultRegionForTheWorld ======
  DNAIonElasticModel : Emin=    0 eV  Emax=    1 MeV

helium_G4DNAExcitation:  for helium SubType=52 BuildTable=0
      ===== EM models for the G4Region  DefaultRegionForTheWorld ======
DNAMillerGreenExcitationModel : Emin=    0 eV  Emax=  400 MeV

helium_G4DNAIonisation:  for helium SubType=53 BuildTable=0
      ===== EM models for the G4Region  DefaultRegionForTheWorld ======
DNARuddIonisationModel : Emin=    0 eV  Emax=  400 MeV  deltaRudd Fluo

helium_G4DNAChargeIncrease:  for helium SubType=57 BuildTable=0
      ===== EM models for the G4Region  DefaultRegionForTheWorld ======
DNADingfelderChargeIncreaseModel : Emin=    0 eV  Emax=  400 MeV

hydrogen_G4DNAElastic:  for hydrogen SubType=51 BuildTable=0
      ===== EM models for the G4Region  DefaultRegionForTheWorld ======
  DNAIonElasticModel : Emin=    0 eV  Emax=    1 MeV

hydrogen_G4DNAExcitation:  for hydrogen SubType=52 BuildTable=0
      ===== EM models for the G4Region  DefaultRegionForTheWorld ======
DNAMillerGreenExcitationModel : Emin=    0 eV  Emax=  500 keV

hydrogen_G4DNAIonisation:  for hydrogen SubType=53 BuildTable=0
      ===== EM models for the G4Region  DefaultRegionForTheWorld ======
DNARuddIonisationModel : Emin=    0 eV  Emax=  100 MeV  deltaRudd Fluo

hydrogen_G4DNAChargeIncrease:  for hydrogen SubType=57 BuildTable=0
      ===== EM models for the G4Region  DefaultRegionForTheWorld ======
DNADingfelderChargeIncreaseModel : Emin=    0 eV  Emax=  100 MeV
[MESSAGE] Start: Mon Jun 22 09:37:34 2020
### Run 0 starts.
 Thread #9
 - Total Event: 1085 (Abort: 1, Chemistry: 1084)
 - Total Elapsed Time: 13875.9 sec
   - Physics:   425.57 sec (0.39223 sec/event)
   - Chemistry: 13450.4 sec (12.4081 sec/event)
 - Throughput:
   - Physics:   152.971 events/min.
   - Chemistry: 4.83555 events/min.
 - Number of Steps:
   - Physics:   3585998
   - Chemistry: 5183333
 - Elapsed Time per Step:
   - Physics:   0.118675 msec/step
   - Chemistry: 2.59493 msec/step

 Thread #0
 - Total Event: 837 (Abort: 2, Chemistry: 835)
 - Total Elapsed Time: 13877.6 sec
   - Physics:   332.91 sec (0.397742 sec/event)
   - Chemistry: 13544.7 sec (16.2212 sec/event)
 - Throughput:
   - Physics:   150.852 events/min.
   - Chemistry: 3.69886 events/min.
 - Number of Steps:
   - Physics:   2893919
   - Chemistry: 4212219
 - Elapsed Time per Step:
   - Physics:   0.115038 msec/step
   - Chemistry: 3.21558 msec/step

 Thread #2
 - Total Event: 837 (Abort: 0, Chemistry: 837)
 - Total Elapsed Time: 13899 sec
   - Physics:   329.73 sec (0.393943 sec/event)
   - Chemistry: 13569.2 sec (16.2118 sec/event)
 - Throughput:
   - Physics:   152.306 events/min.
   - Chemistry: 3.70102 events/min.
 - Number of Steps:
   - Physics:   2854229
   - Chemistry: 4090930
 - Elapsed Time per Step:
   - Physics:   0.115523 msec/step
   - Chemistry: 3.31691 msec/step

 Thread #7
 - Total Event: 1010 (Abort: 0, Chemistry: 1010)
 - Total Elapsed Time: 13905.4 sec
   - Physics:   400.43 sec (0.396465 sec/event)
   - Chemistry: 13504.9 sec (13.3712 sec/event)
 - Throughput:
   - Physics:   151.337 events/min.
   - Chemistry: 4.48725 events/min.
 - Number of Steps:
   - Physics:   3353298
   - Chemistry: 4866599
 - Elapsed Time per Step:
   - Physics:   0.119414 msec/step
   - Chemistry: 2.77503 msec/step

 Thread #8
 - Total Event: 1178 (Abort: 0, Chemistry: 1178)
 - Total Elapsed Time: 13908.1 sec
   - Physics:   460.16 sec (0.390628 sec/event)
   - Chemistry: 13448 sec (11.4159 sec/event)
 - Throughput:
   - Physics:   153.599 events/min.
   - Chemistry: 5.25582 events/min.
 - Number of Steps:
   - Physics:   3721671
   - Chemistry: 5424131
 - Elapsed Time per Step:
   - Physics:   0.123643 msec/step
   - Chemistry: 2.47928 msec/step

 Thread #5
 - Total Event: 899 (Abort: 0, Chemistry: 899)
 - Total Elapsed Time: 14060.1 sec
   - Physics:   360.8 sec (0.401335 sec/event)
   - Chemistry: 13699.2 sec (15.2383 sec/event)
 - Throughput:
   - Physics:   149.501 events/min.
   - Chemistry: 3.93744 events/min.
 - Number of Steps:
   - Physics:   3178837
   - Chemistry: 4625558
 - Elapsed Time per Step:
   - Physics:   0.113501 msec/step
   - Chemistry: 2.96164 msec/step

 Thread #6
 - Total Event: 1085 (Abort: 1, Chemistry: 1084)
 - Total Elapsed Time: 14159.5 sec
   - Physics:   433.56 sec (0.399594 sec/event)
   - Chemistry: 13726 sec (12.6623 sec/event)
 - Throughput:
   - Physics:   150.152 events/min.
   - Chemistry: 4.73846 events/min.
 - Number of Steps:
   - Physics:   3551522
   - Chemistry: 5119025
 - Elapsed Time per Step:
   - Physics:   0.122077 msec/step
   - Chemistry: 2.68137 msec/step

 Thread #4
 - Total Event: 992 (Abort: 2, Chemistry: 990)
 - Total Elapsed Time: 14213.3 sec
   - Physics:   392.33 sec (0.395494 sec/event)
   - Chemistry: 13821 sec (13.9606 sec/event)
 - Throughput:
   - Physics:   151.709 events/min.
   - Chemistry: 4.29781 events/min.
 - Number of Steps:
   - Physics:   3248983
   - Chemistry: 4806615
 - Elapsed Time per Step:
   - Physics:   0.120755 msec/step
   - Chemistry: 2.87541 msec/step

 Thread #1
 - Total Event: 1271 (Abort: 3, Chemistry: 1268)
 - Total Elapsed Time: 14427.3 sec
   - Physics:   504.11 sec (0.396625 sec/event)
   - Chemistry: 13923.2 sec (10.9805 sec/event)
 - Throughput:
   - Physics:   151.277 events/min.
   - Chemistry: 5.46425 events/min.
 - Number of Steps:
   - Physics:   4131662
   - Chemistry: 6061622
 - Elapsed Time per Step:
   - Physics:   0.122011 msec/step
   - Chemistry: 2.29695 msec/step

 Thread #3
 - Total Event: 806 (Abort: 0, Chemistry: 806)
 - Total Elapsed Time: 14474.6 sec
   - Physics:   318.64 sec (0.395335 sec/event)
   - Chemistry: 14156 sec (17.5633 sec/event)
 - Throughput:
   - Physics:   151.77 events/min.
   - Chemistry: 3.41622 events/min.
 - Number of Steps:
   - Physics:   2921352
   - Chemistry: 4155077
 - Elapsed Time per Step:
   - Physics:   0.109073 msec/step
   - Chemistry: 3.40691 msec/step

[MESSAGE] End: Mon Jun 22 13:38:49 2020

 - Total Event Number: 10000
 - Total Elapsed Time: 14474.7 sec
   --> Throughput: 41.4517 events/min.

G4WT3 >  Number of calls = 0
G4WT3 >  Number of split level ('advances'):  0
G4WT3 >  Number of full advances:             0
G4WT3 >  Number of good advances:             0
G4WT8 >  Number of calls = 0
G4WT6 >  Number of calls = 0
G4WT8 >  Number of split level ('advances'):  0
G4WT6 >  Number of split level ('advances'):  0
G4WT0 >  Number of calls = 0
G4WT8 >  Number of full advances:             0
G4WT6 >  Number of full advances:             0
G4WT0 >  Number of split level ('advances'):  0
G4WT8 >  Number of good advances:             0
G4WT6 >  Number of good advances:             0
G4WT0 >  Number of full advances:             0
G4WT0 >  Number of good advances:             0
G4WT7 >  Number of calls = 0
G4WT7 >  Number of split level ('advances'):  0
G4WT7 >  Number of full advances:             0
G4WT7 >  Number of good advances:             0
G4WT5 >  Number of calls = 0
G4WT5 >  Number of split level ('advances'):  0
G4WT5 >  Number of full advances:             0
G4WT5 >  Number of good advances:             0
G4WT1 >  Number of calls = 0
G4WT2 >  Number of calls = 0
G4WT1 >  Number of split level ('advances'):  0
G4WT2 >  Number of split level ('advances'):  0
G4WT1 >  Number of full advances:             0
G4WT2 >  Number of full advances:             0
G4WT1 >  Number of good advances:             0
G4WT2 >  Number of good advances:             0
G4WT4 >  Number of calls = 0
G4WT4 >  Number of split level ('advances'):  0
G4WT4 >  Number of full advances:             0
G4WT4 >  Number of good advances:             0
G4WT9 >  Number of calls = 0
G4WT9 >  Number of split level ('advances'):  0
G4WT9 >  Number of full advances:             0
G4WT9 >  Number of good advances:             0
 Number of calls = 0
 Number of split level ('advances'):  0
 Number of full advances:             0
 Number of good advances:             0
