
**************************************************************
 Geant4 version Name: geant4-10-06-ref-05 [MT]   (31-May-2020)
  << in Multi-threaded mode >> 
                       Copyright : Geant4 Collaboration
                      References : NIM A 506 (2003), 250-303
                                 : IEEE-TNS 53 (2006), 270-278
                                 : NIM A 835 (2016), 186-225
                             WWW : http://geant4.org/
**************************************************************

---------------------------------------------------------------
 Parameters (g4dna-bench)
---------------------------------------------------------------
 - beam_direction : [0.0,0.0,1.0]
 - beam_energy : 750
 - beam_ion_A : 0
 - beam_ion_Z : 0
 - beam_particle : "e-"
 - beam_source_pos : [0.0,0.0,0.0]
 - benchmark_file : "benchmark.json"
 - chem_list : "G4EmDNAChemistry_option3"
 - ele_solvation_model : "Meesungnoen2002"
 - event_number : 10000
 - kill_energy : [75.0,75.1]
 - output_file : "gval.csv"
 - phys_list : "G4EmDNAPhysics_option8"
 - primary_removal : true
 - random_seed : 123456789
 - target_size : [20.0,20.0,20.0]
 - thread_number : 10
---------------------------------------------------------------


### ===  Deexcitation model UAtomDeexcitation is activated for 1 region:
          DefaultRegionForTheWorld  1  1  0
### ===  Auger cascade flag: 1
### ===  Ignore cuts flag:   1

phot:  for gamma SubType=12 BuildTable=0
      LambdaPrime table from 200 keV to 100 TeV in 61 bins 
      ===== EM models for the G4Region  DefaultRegionForTheWorld ======
 LivermorePhElectric : Emin=    0 eV  Emax=  100 TeV  SauterGavrila Fluo

compt:  for gamma SubType=13 BuildTable=1
      Lambda table from 100 eV  to 1 MeV, 7 bins/decade, spline: 1
      LambdaPrime table from 1 MeV to 100 TeV in 56 bins 
      ===== EM models for the G4Region  DefaultRegionForTheWorld ======
    LivermoreCompton : Emin=    0 eV  Emax=  100 TeV Fluo

conv:  for gamma SubType=14 BuildTable=1
      Lambda table from 1.022 MeV to 100 TeV, 18 bins/decade, spline: 1
      ===== EM models for the G4Region  DefaultRegionForTheWorld ======
 LivermoreConversion : Emin=    0 eV  Emax=  100 TeV  ModifiedTsai

Rayl:  for gamma SubType=11 BuildTable=1
      Lambda table from 100 eV  to 100 keV, 7 bins/decade, spline: 0
      LambdaPrime table from 100 keV to 100 TeV in 63 bins 
      ===== EM models for the G4Region  DefaultRegionForTheWorld ======
   LivermoreRayleigh : Emin=    0 eV  Emax=  100 TeV  CullenGenerator

e-_G4DNAElectronSolvation:  for e- SubType=58 BuildTable=0
      ===== EM models for the G4Region  DefaultRegionForTheWorld ======
DNAOneStepThermalizationModel_Meesungnoen2002 : Emin=    0 eV  Emax=   11 eV 

e-_G4DNAElastic:  for e- SubType=51 BuildTable=0
      ===== EM models for the G4Region  DefaultRegionForTheWorld ======
DNACPA100ElasticModel : Emin=   11 eV  Emax=255.955 keV
DNAChampionElasticModel : Emin=255.955 keV Emax=    1 MeV

e-_G4DNAExcitation:  for e- SubType=52 BuildTable=0
      ===== EM models for the G4Region  DefaultRegionForTheWorld ======
DNABornExcitationModel : Emin=    0 eV  Emax=    1 MeV

e-_G4DNAIonisation:  for e- SubType=53 BuildTable=0
      ===== EM models for the G4Region  DefaultRegionForTheWorld ======
DNABornIonisationModel : Emin=    0 eV  Emax=    1 MeV  deltaBorn Fluo

e-_G4DNAVibExcitation:  for e- SubType=54 BuildTable=0
      ===== EM models for the G4Region  DefaultRegionForTheWorld ======
DNASancheExcitationModel : Emin=    0 eV  Emax=  100 eV 

e-_G4DNAAttachment:  for e- SubType=55 BuildTable=0
      ===== EM models for the G4Region  DefaultRegionForTheWorld ======
DNAMeltonAttachmentModel : Emin=    0 eV  Emax=   13 eV 

msc:  for e+  SubType= 10
      RangeFactor= 0.04, stepLimType: 3, latDisp: 1, skin= 1, geomFactor= 2.5
      ===== EM models for the G4Region  DefaultRegionForTheWorld ======
            UrbanMsc : Emin=    0 eV  Emax=  100 TeV Nbins=84 100 eV  - 100 TeV

eIoni:  for e+  SubType=2
      dE/dx and range tables from 100 eV  to 100 TeV in 84 bins
      Lambda tables from threshold to 100 TeV, 7 bins/decade, spline: 1
      StepFunction=(0.2, 1 mm), integ: 1, fluct: 1, linLossLim= 0.01
      ===== EM models for the G4Region  DefaultRegionForTheWorld ======
        MollerBhabha : Emin=    0 eV  Emax=  100 TeV

eBrem:  for e+  SubType=3
      dE/dx and range tables from 100 eV  to 100 TeV in 84 bins
      Lambda tables from threshold to 100 TeV, 7 bins/decade, spline: 1
      LPM flag: 1 for E > 1 GeV,  VertexHighEnergyTh(GeV)= 100000
      ===== EM models for the G4Region  DefaultRegionForTheWorld ======
             eBremSB : Emin=    0 eV  Emax=    1 GeV  ModifiedTsai
            eBremLPM : Emin=    1 GeV Emax=  100 TeV  ModifiedTsai

annihil:  for e+, integral:1  SubType=5 BuildTable=0
      ===== EM models for the G4Region  DefaultRegionForTheWorld ======
            eplus2gg : Emin=    0 eV  Emax=  100 TeV

proton_G4DNAElastic:  for proton SubType=51 BuildTable=0
      ===== EM models for the G4Region  DefaultRegionForTheWorld ======
  DNAIonElasticModel : Emin=    0 eV  Emax=    1 MeV

proton_G4DNAExcitation:  for proton SubType=52 BuildTable=0
      ===== EM models for the G4Region  DefaultRegionForTheWorld ======
DNAMillerGreenExcitationModel : Emin=    0 eV  Emax=  500 keV
DNABornExcitationModel : Emin=  500 keV Emax=  100 MeV

proton_G4DNAIonisation:  for proton SubType=53 BuildTable=0
      ===== EM models for the G4Region  DefaultRegionForTheWorld ======
DNARuddIonisationModel : Emin=    0 eV  Emax=  500 keV  deltaRudd Fluo
DNABornIonisationModel : Emin=  500 keV Emax=  100 MeV  deltaBorn Fluo

proton_G4DNAChargeDecrease:  for proton SubType=56 BuildTable=0
      ===== EM models for the G4Region  DefaultRegionForTheWorld ======
DNADingfelderChargeDecreaseModel : Emin=    0 eV  Emax=  100 MeV

GenericIon_G4DNAIonisation:  for GenericIon SubType=53 BuildTable=0
      ===== EM models for the G4Region  DefaultRegionForTheWorld ======
DNARuddIonisationExtendedModel : Emin=    0 eV  Emax=    1 TeV  deltaRudd Fluo

alpha_G4DNAElastic:  for alpha SubType=51 BuildTable=0
      ===== EM models for the G4Region  DefaultRegionForTheWorld ======
  DNAIonElasticModel : Emin=    0 eV  Emax=    1 MeV

alpha_G4DNAExcitation:  for alpha SubType=52 BuildTable=0
      ===== EM models for the G4Region  DefaultRegionForTheWorld ======
DNAMillerGreenExcitationModel : Emin=    0 eV  Emax=  400 MeV

alpha_G4DNAIonisation:  for alpha SubType=53 BuildTable=0
      ===== EM models for the G4Region  DefaultRegionForTheWorld ======
DNARuddIonisationModel : Emin=    0 eV  Emax=  400 MeV  deltaRudd Fluo

alpha_G4DNAChargeDecrease:  for alpha SubType=56 BuildTable=0
      ===== EM models for the G4Region  DefaultRegionForTheWorld ======
DNADingfelderChargeDecreaseModel : Emin=    0 eV  Emax=  400 MeV

alpha+_G4DNAElastic:  for alpha+ SubType=51 BuildTable=0
      ===== EM models for the G4Region  DefaultRegionForTheWorld ======
  DNAIonElasticModel : Emin=    0 eV  Emax=    1 MeV

alpha+_G4DNAExcitation:  for alpha+ SubType=52 BuildTable=0
      ===== EM models for the G4Region  DefaultRegionForTheWorld ======
DNAMillerGreenExcitationModel : Emin=    0 eV  Emax=  400 MeV

alpha+_G4DNAIonisation:  for alpha+ SubType=53 BuildTable=0
      ===== EM models for the G4Region  DefaultRegionForTheWorld ======
DNARuddIonisationModel : Emin=    0 eV  Emax=  400 MeV  deltaRudd Fluo

alpha+_G4DNAChargeDecrease:  for alpha+ SubType=56 BuildTable=0
      ===== EM models for the G4Region  DefaultRegionForTheWorld ======
DNADingfelderChargeDecreaseModel : Emin=    0 eV  Emax=  400 MeV

alpha+_G4DNAChargeIncrease:  for alpha+ SubType=57 BuildTable=0
      ===== EM models for the G4Region  DefaultRegionForTheWorld ======
DNADingfelderChargeIncreaseModel : Emin=    0 eV  Emax=  400 MeV

helium_G4DNAElastic:  for helium SubType=51 BuildTable=0
      ===== EM models for the G4Region  DefaultRegionForTheWorld ======
  DNAIonElasticModel : Emin=    0 eV  Emax=    1 MeV

helium_G4DNAExcitation:  for helium SubType=52 BuildTable=0
      ===== EM models for the G4Region  DefaultRegionForTheWorld ======
DNAMillerGreenExcitationModel : Emin=    0 eV  Emax=  400 MeV

helium_G4DNAIonisation:  for helium SubType=53 BuildTable=0
      ===== EM models for the G4Region  DefaultRegionForTheWorld ======
DNARuddIonisationModel : Emin=    0 eV  Emax=  400 MeV  deltaRudd Fluo

helium_G4DNAChargeIncrease:  for helium SubType=57 BuildTable=0
      ===== EM models for the G4Region  DefaultRegionForTheWorld ======
DNADingfelderChargeIncreaseModel : Emin=    0 eV  Emax=  400 MeV

hydrogen_G4DNAElastic:  for hydrogen SubType=51 BuildTable=0
      ===== EM models for the G4Region  DefaultRegionForTheWorld ======
  DNAIonElasticModel : Emin=    0 eV  Emax=    1 MeV

hydrogen_G4DNAExcitation:  for hydrogen SubType=52 BuildTable=0
      ===== EM models for the G4Region  DefaultRegionForTheWorld ======
DNAMillerGreenExcitationModel : Emin=    0 eV  Emax=  500 keV

hydrogen_G4DNAIonisation:  for hydrogen SubType=53 BuildTable=0
      ===== EM models for the G4Region  DefaultRegionForTheWorld ======
DNARuddIonisationModel : Emin=    0 eV  Emax=  100 MeV  deltaRudd Fluo

hydrogen_G4DNAChargeIncrease:  for hydrogen SubType=57 BuildTable=0
      ===== EM models for the G4Region  DefaultRegionForTheWorld ======
DNADingfelderChargeIncreaseModel : Emin=    0 eV  Emax=  100 MeV
[MESSAGE] Start: Wed Jun 24 13:57:41 2020
 Thread #9
 - Total Event: 992 (Abort: 1, Chemistry: 991)
 - Total Elapsed Time: 456.73 sec
   - Physics:   434.35 sec (0.437853 sec/event)
   - Chemistry: 22.38 sec (0.0225832 sec/event)
 - Throughput:
   - Physics:   137.032 events/min.
   - Chemistry: 2656.84 events/min.
 - Number of Steps:
   - Physics:   3233450
   - Chemistry: 62342
 - Elapsed Time per Step:
   - Physics:   0.13433 msec/step
   - Chemistry: 0.358988 msec/step

 Thread #5
 - Total Event: 992 (Abort: 1, Chemistry: 991)
 - Total Elapsed Time: 457.71 sec
   - Physics:   433.14 sec (0.436633 sec/event)
   - Chemistry: 24.57 sec (0.0247931 sec/event)
 - Throughput:
   - Physics:   137.415 events/min.
   - Chemistry: 2420.02 events/min.
 - Number of Steps:
   - Physics:   3277836
   - Chemistry: 64657
 - Elapsed Time per Step:
   - Physics:   0.132142 msec/step
   - Chemistry: 0.380005 msec/step

 Thread #8
 - Total Event: 992 (Abort: 0, Chemistry: 992)
 - Total Elapsed Time: 458.29 sec
   - Physics:   429.21 sec (0.432671 sec/event)
   - Chemistry: 29.08 sec (0.0293145 sec/event)
 - Throughput:
   - Physics:   138.673 events/min.
   - Chemistry: 2046.77 events/min.
 - Number of Steps:
   - Physics:   3415337
   - Chemistry: 67849
 - Elapsed Time per Step:
   - Physics:   0.125671 msec/step
   - Chemistry: 0.428599 msec/step

 Thread #1
 - Total Event: 992 (Abort: 1, Chemistry: 991)
 - Total Elapsed Time: 458.71 sec
   - Physics:   433.68 sec (0.437177 sec/event)
   - Chemistry: 25.03 sec (0.0252573 sec/event)
 - Throughput:
   - Physics:   137.244 events/min.
   - Chemistry: 2375.55 events/min.
 - Number of Steps:
   - Physics:   3304087
   - Chemistry: 64363
 - Elapsed Time per Step:
   - Physics:   0.131256 msec/step
   - Chemistry: 0.388888 msec/step

 Thread #3
 - Total Event: 1023 (Abort: 2, Chemistry: 1021)
 - Total Elapsed Time: 458.79 sec
   - Physics:   441.11 sec (0.431193 sec/event)
   - Chemistry: 17.68 sec (0.0173164 sec/event)
 - Throughput:
   - Physics:   139.149 events/min.
   - Chemistry: 3464.93 events/min.
 - Number of Steps:
   - Physics:   3181341
   - Chemistry: 61816
 - Elapsed Time per Step:
   - Physics:   0.138655 msec/step
   - Chemistry: 0.28601 msec/step

 Thread #2
 - Total Event: 992 (Abort: 0, Chemistry: 992)
 - Total Elapsed Time: 462.2 sec
   - Physics:   434.28 sec (0.437782 sec/event)
   - Chemistry: 27.92 sec (0.0281452 sec/event)
 - Throughput:
   - Physics:   137.054 events/min.
   - Chemistry: 2131.81 events/min.
 - Number of Steps:
   - Physics:   3424950
   - Chemistry: 67669
 - Elapsed Time per Step:
   - Physics:   0.126799 msec/step
   - Chemistry: 0.412597 msec/step

 Thread #4
 - Total Event: 1010 (Abort: 1, Chemistry: 1009)
 - Total Elapsed Time: 463.55 sec
   - Physics:   435.67 sec (0.431356 sec/event)
   - Chemistry: 27.88 sec (0.0276313 sec/event)
 - Throughput:
   - Physics:   139.096 events/min.
   - Chemistry: 2171.45 events/min.
 - Number of Steps:
   - Physics:   3519985
   - Chemistry: 70693
 - Elapsed Time per Step:
   - Physics:   0.12377 msec/step
   - Chemistry: 0.394381 msec/step

 Thread #6
 - Total Event: 992 (Abort: 0, Chemistry: 992)
 - Total Elapsed Time: 463.92 sec
   - Physics:   430.11 sec (0.433579 sec/event)
   - Chemistry: 33.81 sec (0.0340827 sec/event)
 - Throughput:
   - Physics:   138.383 events/min.
   - Chemistry: 1760.43 events/min.
 - Number of Steps:
   - Physics:   3477645
   - Chemistry: 70011
 - Elapsed Time per Step:
   - Physics:   0.123679 msec/step
   - Chemistry: 0.482924 msec/step

 Thread #0
 - Total Event: 992 (Abort: 2, Chemistry: 990)
 - Total Elapsed Time: 466.75 sec
   - Physics:   442.53 sec (0.446099 sec/event)
   - Chemistry: 24.22 sec (0.0244646 sec/event)
 - Throughput:
   - Physics:   134.499 events/min.
   - Chemistry: 2452.52 events/min.
 - Number of Steps:
   - Physics:   3307379
   - Chemistry: 64936
 - Elapsed Time per Step:
   - Physics:   0.133801 msec/step
   - Chemistry: 0.372983 msec/step

 Thread #7
 - Total Event: 1023 (Abort: 1, Chemistry: 1022)
 - Total Elapsed Time: 469.33 sec
   - Physics:   447.94 sec (0.437869 sec/event)
   - Chemistry: 21.39 sec (0.0209295 sec/event)
 - Throughput:
   - Physics:   137.027 events/min.
   - Chemistry: 2866.76 events/min.
 - Number of Steps:
   - Physics:   3299461
   - Chemistry: 64807
 - Elapsed Time per Step:
   - Physics:   0.135762 msec/step
   - Chemistry: 0.330057 msec/step

[MESSAGE] End: Wed Jun 24 14:05:31 2020

 - Total Event Number: 10000
 - Total Elapsed Time: 469.42 sec
   --> Throughput: 1278.17 events/min.

G4WT7 >  Number of calls = 0
G4WT7 >  Number of split level ('advances'):  0
G4WT2 >  Number of calls = 0
G4WT7 >  Number of full advances:             0
G4WT7 >  Number of good advances:             0
G4WT2 >  Number of split level ('advances'):  0
G4WT2 >  Number of full advances:             0
G4WT2 >  Number of good advances:             0
G4WT1 >  Number of calls = 0
G4WT1 >  Number of split level ('advances'):  0
G4WT1 >  Number of full advances:             0
G4WT1 >  Number of good advances:             0
G4WT4 >  Number of calls = 0
G4WT4 >  Number of split level ('advances'):  0
G4WT4 >  Number of full advances:             0
G4WT4 >  Number of good advances:             0
G4WT8 >  Number of calls = 0
G4WT8 >  Number of split level ('advances'):  0
G4WT8 >  Number of full advances:             0
G4WT8 >  Number of good advances:             0
G4WT0 >  Number of calls = 0
G4WT0 >  Number of split level ('advances'):  0
G4WT0 >  Number of full advances:             0
G4WT0 >  Number of good advances:             0
G4WT6 >  Number of calls = 0
G4WT6 >  Number of split level ('advances'):  0
G4WT6 >  Number of full advances:             0
G4WT6 >  Number of good advances:             0
G4WT3 >  Number of calls = 0
G4WT5 >  Number of calls = 0
G4WT3 >  Number of split level ('advances'):  0
G4WT5 >  Number of split level ('advances'):  0
G4WT3 >  Number of full advances:             0
G4WT5 >  Number of full advances:             0
G4WT3 >  Number of good advances:             0
G4WT5 >  Number of good advances:             0
G4WT9 >  Number of calls = 0
G4WT9 >  Number of split level ('advances'):  0
G4WT9 >  Number of full advances:             0
G4WT9 >  Number of good advances:             0
 Number of calls = 0
 Number of split level ('advances'):  0
 Number of full advances:             0
 Number of good advances:             0
